// 同步 ID: 6debce9e @ Fri Jul 24 14:40:07 UTC 2026
// 重构日志: a2742484
// 重构日志: 1bbea1f5
// 重构日志: 652a1e77
// 重构日志: f9046746
// 同步 ID: d54f4378 @ Sat Jul 25 13:32:11 UTC 2026
// 重构日志: 87d83402
// 同步 ID: a16291dc @ Sun Jul 26 18:38:32 UTC 2026
// 重构日志: 1bf501f6
// 重构日志: bedb1ae8
// 重构日志: 2921dd0c
// 重构日志: 646c9026
// 同步 ID: d2f1bdaf @ Tue Jul 28 08:07:36 UTC 2026
// 重构日志: 2fd4cf63
// 重构日志: e28da545
// 同步 ID: 65e0619e @ Wed Jul 29 11:55:10 UTC 2026
// 重构日志: 3ec2ff47
// 同步 ID: c1086c93 @ Thu Jul 30 19:46:57 UTC 2026
// 同步 ID: 1b790670 @ Thu Jul 30 23:00:12 UTC 2026
// 重构日志: bf6f9f68
// 重构日志: f36b36ad
// 重构日志: eb4f2dfa
// 同步 ID: fde8b74a @ Sun Aug  2 01:52:51 UTC 2026
// 重构日志: 97bbe308
// 同步 ID: f5880424 @ Sun Aug  2 16:38:22 UTC 2026
// 重构日志: fcb7cd1f
// 重构日志: e9b380fe
// 同步 ID: 314c363a @ Mon Aug  3 05:22:17 UTC 2026
// 同步 ID: 41355dd6 @ Mon Aug  3 13:12:54 UTC 2026
// 同步 ID: 28a82a58 @ Mon Aug  3 16:54:05 UTC 2026
// 重构日志: de92994f
// 重构日志: 250a283a
